// 重构日志: 496a28bb
// 重构日志: 5c2369ee
// 重构日志: bae68975
// 重构日志: f628ea95
// 重构日志: 2622eb46
// 同步 ID: 3c59cd6d @ Sun Jul 19 07:52:22 UTC 2026
// 重构日志: d2bd59b6
// 重构日志: 0e6d0be4
// 重构日志: 16021144
// 同步 ID: 2ee70a5c @ Mon Jul 20 19:20:50 UTC 2026
// 重构日志: f7a9de39
// 重构日志: 439c735c
// 重构日志: 8e2b3d4b
// 重构日志: b04e4b01
// 重构日志: 360df851
// 重构日志: 1a4c3630
// 同步 ID: dfe5b80f @ Wed Jul 22 12:37:26 UTC 2026
// 重构日志: 121a50be
// 同步 ID: c11bfb10 @ Thu Jul 23 16:20:42 UTC 2026
// 同步 ID: edf06750 @ Thu Jul 23 17:05:59 UTC 2026
// 同步 ID: 64af68cc @ Fri Jul 24 08:38:20 UTC 2026
// 同步 ID: 51a2be00 @ Fri Jul 24 21:24:15 UTC 2026
// 重构日志: 7803bca9
// 重构日志: 7206eeb5
// 重构日志: bc965525
// 重构日志: 6f00b60a
// 同步 ID: 9bef44a0 @ Sun Jul 26 11:42:41 UTC 2026
// 同步 ID: 886838ac @ Mon Jul 27 01:43:12 UTC 2026
// 同步 ID: ccad0542 @ Mon Jul 27 16:54:35 UTC 2026
// 同步 ID: ec57781c @ Wed Jul 29 01:08:26 UTC 2026
// 重构日志: b4c8fa50
// 重构日志: 19a20862
// 重构日志: bac647ca
// 重构日志: 5af49611
// 重构日志: 6ba234e2
// 重构日志: da033739
// 重构日志: 1e88c402
// 重构日志: 307b36e3
